2026-07-29 17:40:52.4642  INFO 1 IndexerProgram | Starting application with module name Logos, branded name Logos  (52.1, version 52.1.0.0002 arm64 on macOS 26.5.2 arm64, .NET 10.0.9). Pid: 8339
2026-07-29 17:40:52.4699  INFO 1 LogosApplication | Using Write-Ahead Logging for SQLite databases.
2026-07-29 17:40:52.4916  INFO 1 UserManager | Opening UserManager in /Users/mjwebster/Library/Application Support/Logos4/Users.
2026-07-29 17:40:52.5012  INFO 1 LocalFileDatabase | Connection opened (6ms): /Users/mjwebster/Library/Application Support/Logos4/Users/UserManager.db
2026-07-29 17:40:52.5406  INFO 1 IndexerProgram | Logos user ID: 80031
2026-07-29 17:40:52.5406  INFO 1 IndexerProgram | Using language en-CA
2026-07-29 17:40:52.5843  INFO 1 IndexerProgram | Processing existing commands.
2026-07-29 17:40:52.5844  INFO 1 IndexerProgram | Creating digital library services.
2026-07-29 17:40:52.5891  INFO 1 DigitalLibraryServices | Initializing DigitalLibraryServices. (Shared Folder = /Users/mjwebster/Library/Application Support/Logos4/Shared, Data Folder = /Users/mjwebster/Library/Application Support/Logos4/Data/wq8ubj9r.32o, Documents Folder = /Users/mjwebster/Library/Application Support/Logos4/Documents/wq8ubj9r.32o)
2026-07-29 17:40:52.5957  INFO 5 IndexerProgram | (Timed) Updating Auto Complete from Resource Manager.
2026-07-29 17:40:52.5962  INFO 5 DigitalLibraryServices | (Timed) Creating auto complete manager.
2026-07-29 17:40:52.5963  INFO 5 DigitalLibraryServices | (Timed) Creating resource lists.
2026-07-29 17:40:52.5964  INFO 5 DigitalLibraryServices | (Timed) Creating resource manager.
2026-07-29 17:40:52.5964  INFO 5 DigitalLibraryServices | (Timed) Creating data type options.
2026-07-29 17:40:52.5966  INFO 5 DigitalLibraryServices | (0ms) Creating data type options.
2026-07-29 17:40:52.5980  INFO 5 LocalFileDatabase | Connection opened (0ms): /Users/mjwebster/Library/Application Support/Logos4/Data/wq8ubj9r.32o/WebCache/CacheData.db
2026-07-29 17:40:52.5988  INFO 5 DigitalLibraryServices | (Timed) Creating license manager.
2026-07-29 17:40:52.5989  INFO 5 LicenseManager | Opening LicenseManager in /Users/mjwebster/Library/Application Support/Logos4/Data/wq8ubj9r.32o/LicenseManager; products folder is /Users/mjwebster/Library/Application Support/Logos4/Shared/Products
2026-07-29 17:40:52.6039  INFO 5 DigitalLibraryServices | (5ms) Creating license manager.
2026-07-29 17:40:52.6050  INFO 5 LocalFileDatabase | Connection opened (0ms): /Users/mjwebster/Library/Application Support/Logos4/Data/wq8ubj9r.32o/ResourceManager/ResourceManager.db
2026-07-29 17:40:52.6060  INFO 5 ResourceManager | Discovery requested: new licenses
2026-07-29 17:40:52.6124  INFO 5 DataTypeManager | (Timed) Initializing data type manager.
2026-07-29 17:40:52.6362  INFO 5 DataTypeManager | (24ms) Initializing data type manager.
2026-07-29 17:40:52.6388  INFO 5 LocalFileDatabase | Connection opened (0ms): /Users/mjwebster/Library/Application Support/Logos4/Documents/wq8ubj9r.32o/ResourceManager/ResourceSyncManager.db
2026-07-29 17:40:52.6389  INFO 5 DigitalLibraryServices | (43ms) Creating resource manager.
2026-07-29 17:40:52.6391  INFO 5 DigitalLibraryServices | (Timed) Creating library catalog.
2026-07-29 17:40:52.6391  INFO 5 DigitalLibraryServices | Resource audit logging has been disabled.
2026-07-29 17:40:52.6392  INFO 5 DigitalLibraryServices | (Timed) Creating device resource manager.
2026-07-29 17:40:52.6392  INFO 5 DigitalLibraryServices | (Timed) Creating local user preferences.
2026-07-29 17:40:52.6394  INFO 5 PreferencesManager | Opening PreferencesManager in /Users/mjwebster/Library/Application Support/Logos4/Documents/wq8ubj9r.32o/LocalUserPreferences.
2026-07-29 17:40:52.6397  INFO 5 LocalFileDatabase | Connection opened (0ms): /Users/mjwebster/Library/Application Support/Logos4/Documents/wq8ubj9r.32o/LocalUserPreferences/PreferencesManager.db
2026-07-29 17:40:52.6400  INFO 5 DigitalLibraryServices | (1ms) Creating local user preferences.
2026-07-29 17:40:52.6407  INFO 5 LocalFileDatabase | Connection opened (0ms): /Users/mjwebster/Library/Application Support/Logos4/Documents/wq8ubj9r.32o/DeviceResourceManager/MobileResourcesSyncManager.db
2026-07-29 17:40:52.6489  INFO 5 DigitalLibraryServices | (10ms) Creating device resource manager.
2026-07-29 17:40:52.6490  INFO 5 DigitalLibraryServices | (Timed) Creating ReadingProgressManager
2026-07-29 17:40:52.6499  INFO 5 LocalFileDatabase | Connection opened (0ms): /Users/mjwebster/Library/Application Support/Logos4/Data/wq8ubj9r.32o/ReadingProgressManager/readingprogressmanager.db
2026-07-29 17:40:52.6501  INFO 5 DigitalLibraryServices | (1ms) Creating ReadingProgressManager
2026-07-29 17:40:52.6515  INFO 5 LocalFileDatabase | Connection opened (0ms): /Users/mjwebster/Library/Application Support/Logos4/Documents/wq8ubj9r.32o/LibraryCatalog/LibraryCatalogSync.db
2026-07-29 17:40:52.6520  INFO 5 LocalFileDatabase | Connection opened (0ms): /Users/mjwebster/Library/Application Support/Logos4/Data/wq8ubj9r.32o/LibraryCatalog/catalog.db
2026-07-29 17:40:52.6597  INFO 5 DigitalLibraryServices | (21ms) Creating library catalog.
2026-07-29 17:40:52.6598  INFO 5 DigitalLibraryServices | (Timed) Creating keylink manager.
2026-07-29 17:40:52.6599  INFO 5 DigitalLibraryServices | (Timed) Creating resource collection manager.
2026-07-29 17:40:52.6606  INFO 5 LocalFileDatabase | Connection opened (0ms): /Users/mjwebster/Library/Application Support/Logos4/Documents/wq8ubj9r.32o/ResourceCollectionManager/ResourceCollectionManager.db
2026-07-29 17:40:52.6609  INFO 5 DigitalLibraryServices | (1ms) Creating resource collection manager.
2026-07-29 17:40:52.6610  INFO 5 DigitalLibraryServices | (Timed) Creating global milestone index.
2026-07-29 17:40:52.6617  INFO 5 LocalFileDatabase | Connection opened (0ms): /Users/mjwebster/Library/Application Support/Logos4/Data/wq8ubj9r.32o/GlobalMilestoneIndex/milestones.db
2026-07-29 17:40:52.6658  INFO 5 DigitalLibraryServices | (5ms) Creating global milestone index.
2026-07-29 17:40:52.6667  INFO 5 LocalFileDatabase | Connection opened (0ms): /Users/mjwebster/Library/Application Support/Logos4/Data/wq8ubj9r.32o/KeyLinkManager/keylinkmanager.db
2026-07-29 17:40:52.6674  INFO 5 LocalFileDatabase | Connection opened (0ms): /Users/mjwebster/Library/Application Support/Logos4/Documents/wq8ubj9r.32o/KeyLinkManager/KeyLinkSyncManager.db
2026-07-29 17:40:52.6675  INFO 5 DigitalLibraryServices | (8ms) Creating keylink manager.
2026-07-29 17:40:52.6675  INFO 5 DigitalLibraryServices | (Timed) Creating reverse interlinear manager.
2026-07-29 17:40:52.6681  INFO 5 LocalFileDatabase | Connection opened (0ms): /Users/mjwebster/Library/Application Support/Logos4/Data/wq8ubj9r.32o/ReverseInterlinearManager/reverseinterlinearmanager.db
2026-07-29 17:40:52.6682  INFO 5 DigitalLibraryServices | (1ms) Creating reverse interlinear manager.
2026-07-29 17:40:52.6683  INFO 5 DigitalLibraryServices | (72ms) Creating resource lists.
2026-07-29 17:40:52.6684  INFO 5 DigitalLibraryServices | (Timed) Creating data type lists.
2026-07-29 17:40:52.6684  INFO 5 DigitalLibraryServices | (0ms) Creating data type lists.
2026-07-29 17:40:52.6685  INFO 5 DigitalLibraryServices | (Timed) Creating transliteration manager.
2026-07-29 17:40:52.6685  INFO 5 DigitalLibraryServices | (Timed) Creating new user preferences.
2026-07-29 17:40:52.6692  INFO 5 LocalFileDatabase | Connection opened (0ms): /Users/mjwebster/Library/Application Support/Logos4/Documents/wq8ubj9r.32o/UserPreferences2/PreferencesManager.db
2026-07-29 17:40:52.6694  INFO 5 DigitalLibraryServices | (1ms) Creating new user preferences.
2026-07-29 17:40:52.6696  INFO 5 DigitalLibraryServices | (1ms) Creating transliteration manager.
2026-07-29 17:40:52.6697  INFO 5 DigitalLibraryServices | (Timed) Creating library index.
2026-07-29 17:40:52.6704  INFO 5 LocalFileDatabase | Connection opened (0ms): /Users/mjwebster/Library/Application Support/Logos4/Data/wq8ubj9r.32o/LibraryIndex/LibraryIndex.db
2026-07-29 17:40:52.6707  INFO 5 DigitalLibraryServices | (1ms) Creating library index.
2026-07-29 17:40:52.6708  INFO 5 DigitalLibraryServices | (Timed) Creating personal book index.
2026-07-29 17:40:52.6710  INFO 5 LocalFileDatabase | Connection opened (0ms): /Users/mjwebster/Library/Application Support/Logos4/Data/wq8ubj9r.32o/PersonalBookIndex/LibraryIndex.db
2026-07-29 17:40:52.6711  INFO 5 DigitalLibraryServices | (0ms) Creating personal book index.
2026-07-29 17:40:52.6726  INFO 5 LocalFileDatabase | Connection opened (0ms): /Users/mjwebster/Library/Application Support/Logos4/Data/wq8ubj9r.32o/AutoComplete/AutoComplete.db
2026-07-29 17:40:52.6732  INFO 5 DigitalLibraryServices | (77ms) Creating auto complete manager.
2026-07-29 17:40:57.5519  INFO 5 IndexerProgram | (4956ms) Updating Auto Complete from Resource Manager.
2026-07-29 17:40:57.5522  INFO 5 IndexerProgram | (Timed) Updating Global Milestone Index from Resource Manager.
2026-07-29 17:40:57.5543  INFO 5 GlobalMilestoneIndex | Creating connection to global milestone index.
2026-07-29 17:40:57.5638  INFO 5 GlobalMilestoneIndex | Done indexing! (10ms)
2026-07-29 17:40:57.5638  INFO 5 IndexerProgram | (12ms) Updating Global Milestone Index from Resource Manager.
2026-07-29 17:40:57.5639  INFO 5 IndexerProgram | (Timed) Updating Library Index from Resource Manager.
2026-07-29 17:40:57.5850  INFO 5 LibraryIndex | Checking 1 resources that may have changed since they were last indexed.
2026-07-29 17:40:57.5907  INFO 5 LibraryIndex | 1 resources need to be indexed, and will be merged into an index of 8,327 resources.
2026-07-29 17:40:57.6411  INFO 5 IndexerProgram | (77ms) Updating Library Index from Resource Manager.
2026-07-29 17:40:57.6412  INFO 5 IndexerProgram | (Timed) Updating Personal Book Index from Resource Manager.
2026-07-29 17:40:57.6455  INFO 5 PersonalBookIndex | Checking 18 resources that may have changed since they were last indexed.
2026-07-29 17:40:57.6457  WARN 5 PersonalBookIndex | Resource 'PBB:560bd2f649bc486fb1a45a2e71ae489c' could not be opened.
2026-07-29 17:40:57.6458  WARN 5 PersonalBookIndex | Resource 'PBB:633862725fd640d2ba3f3ec701d9c220' could not be opened.
2026-07-29 17:40:57.6458  WARN 5 PersonalBookIndex | Resource 'PBB:2cf561eebb124393b64381394ef0f0c2' could not be opened.
2026-07-29 17:40:57.6458  WARN 5 PersonalBookIndex | Resource 'PBB:f8fb474260cc467e9d4d8ee877a9dcbd' could not be opened.
2026-07-29 17:40:57.6459  WARN 5 PersonalBookIndex | Resource 'PBB:cc16379f0f074f49a85f03399bcf6fca' could not be opened.
2026-07-29 17:40:57.6459  WARN 5 PersonalBookIndex | Resource 'PBB:a41f2db551134bdf80640381ba53a895' could not be opened.
2026-07-29 17:40:57.6459  WARN 5 PersonalBookIndex | Resource 'PBB:e9fdbe00da984f38aa625ee5bee00799' could not be opened.
2026-07-29 17:40:57.6459  WARN 5 PersonalBookIndex | Resource 'PBB:af8332ac11e541519192dd46c03db956' could not be opened.
2026-07-29 17:40:57.6459  WARN 5 PersonalBookIndex | Resource 'PBB:29253e366dfb45c4b0a17927e63e2910' could not be opened.
2026-07-29 17:40:57.6460  WARN 5 PersonalBookIndex | Resource 'PBB:7e37d23cb5aa4f779a7b9fc5842b21ea' could not be opened.
2026-07-29 17:40:57.6460  WARN 5 PersonalBookIndex | Resource 'PBB:c4cd0935456b4bada2eac09c49554703' could not be opened.
2026-07-29 17:40:57.6460  WARN 5 PersonalBookIndex | Resource 'PBB:60347b187ba8420a90ff8ec65d78e089' could not be opened.
2026-07-29 17:40:57.6460  WARN 5 PersonalBookIndex | Resource 'PBB:b722a603992c4d7ca3c52444e0242cbe' could not be opened.
2026-07-29 17:40:57.6460  WARN 5 PersonalBookIndex | Resource 'PBB:934f4e69848346098868799f0246cd7f' could not be opened.
2026-07-29 17:40:57.6461  WARN 5 PersonalBookIndex | Resource 'PBB:04ba92e15be94baf8e95c03ea52bfed8' could not be opened.
2026-07-29 17:40:57.6461  WARN 5 PersonalBookIndex | Resource 'PBB:0a210c3614014624a8db3d5e9da262c0' could not be opened.
2026-07-29 17:40:57.6461  WARN 5 PersonalBookIndex | Resource 'PBB:a1d673a67e3a472481a647621c3e7377' could not be opened.
2026-07-29 17:40:57.6464  INFO 5 PersonalBookIndex | 17 resources need to be indexed, and will be merged into an index of 471 resources.
2026-07-29 17:40:57.6484  INFO 5 IndexerProgram | (7ms) Updating Personal Book Index from Resource Manager.
2026-07-29 17:40:57.6497  INFO 5 IndexerProgram | (Timed) Indexing.
2026-07-29 17:40:57.6503  INFO 5 IndexerProgram | Waiting for library indexing to finish.
2026-07-29 17:40:57.6534  INFO 10 LibraryIndex | 1 unindexed resources out of 8328 indexable resources; supplemental index count is 0.
2026-07-29 17:40:57.6545  INFO 10 SearchUtility | Will create 5 additional indexing threads.
2026-07-29 17:40:57.6582  INFO 10 LibraryIndex | Creating a new library index 'supplemental-build' (type 1) in /Users/mjwebster/Library/Application Support/Logos4/Data/wq8ubj9r.32o/LibraryIndex
2026-07-29 17:40:57.6586  INFO 10 Indexer | (Timed) Replacing lexicon 'supplemental-build' with 'index'
2026-07-29 17:40:57.8989  INFO 10 Indexer | (240ms) Replacing lexicon 'supplemental-build' with 'index'
2026-07-29 17:40:57.9620  INFO 10 Indexer | (Timed) Merging document metadata 'index' into 'supplemental-build'.
2026-07-29 17:40:58.0135  INFO 10 Indexer | (51ms) Merging document metadata 'index' into 'supplemental-build'.
2026-07-29 17:40:58.0143  INFO 14 LibraryIndex | Starting additional library indexing thread.
2026-07-29 17:40:58.0143  INFO 15 LibraryIndex | Starting additional library indexing thread.
2026-07-29 17:40:58.0143  INFO 16 LibraryIndex | Starting additional library indexing thread.
2026-07-29 17:40:58.0144  INFO 17 LibraryIndex | Starting additional library indexing thread.
2026-07-29 17:40:58.0144  INFO 18 LibraryIndex | Starting additional library indexing thread.
2026-07-29 17:40:58.0147  INFO 14 LibraryIndex | (Timed) Indexing LLS:BOPSALMS
2026-07-29 17:40:58.0147  INFO 17 LibraryIndex | No more resources to index; stopping thread.
2026-07-29 17:40:58.0147  INFO 10 LibraryIndex | Waiting for background threads to finish.
2026-07-29 17:40:58.0147  INFO 18 LibraryIndex | No more resources to index; stopping thread.
2026-07-29 17:40:58.0147  INFO 16 LibraryIndex | No more resources to index; stopping thread.
2026-07-29 17:40:58.0147  INFO 15 LibraryIndex | No more resources to index; stopping thread.
2026-07-29 17:40:58.7095  INFO 14 MacIndexerProgress | 1 of 1 resources indexed; current phase progress is 68.9%
2026-07-29 17:40:58.7103  INFO 14 LibraryIndex | (696ms) Indexing LLS:BOPSALMS
2026-07-29 17:40:58.7103  INFO 14 LibraryIndex | No more resources to index; stopping thread.
2026-07-29 17:40:58.7104  INFO 10 LibraryIndex | Finished indexing resources (in 1055ms); writing postings.
2026-07-29 17:40:58.7724  INFO 11 MultipleFilesPostingFileWriter | Closing index streams
2026-07-29 17:40:59.0231  INFO 10 LibraryIndex | (Timed) Attempting to replace index '/Users/mjwebster/Library/Application Support/Logos4/Data/wq8ubj9r.32o/LibraryIndex/supplemental' with new index '/Users/mjwebster/Library/Application Support/Logos4/Data/wq8ubj9r.32o/LibraryIndex/supplemental-build'.
2026-07-29 17:40:59.0235  INFO 10 FileSystemIndexInfo | Replacing /Users/mjwebster/Library/Application Support/Logos4/Data/wq8ubj9r.32o/LibraryIndex/supplemental with /Users/mjwebster/Library/Application Support/Logos4/Data/wq8ubj9r.32o/LibraryIndex/supplemental-build
2026-07-29 17:40:59.5352  INFO 10 LibraryIndex | (512ms) Attempting to replace index '/Users/mjwebster/Library/Application Support/Logos4/Data/wq8ubj9r.32o/LibraryIndex/supplemental' with new index '/Users/mjwebster/Library/Application Support/Logos4/Data/wq8ubj9r.32o/LibraryIndex/supplemental-build'.
2026-07-29 17:40:59.5474  INFO 10 LibraryIndex | Library indexing completed in 1892ms.
2026-07-29 17:40:59.5476  INFO 10 LibraryIndex | Merging supplemental index into main index.
2026-07-29 17:40:59.5483  INFO 10 LibraryIndex | Merging indexes 'index' and 'supplemental' into index in /Users/mjwebster/Library/Application Support/Logos4/Data/wq8ubj9r.32o/LibraryIndex
2026-07-29 17:40:59.5521  INFO 10 Indexer | (Timed) Replacing lexicon 'index-build' with 'supplemental'
2026-07-29 17:40:59.7850  INFO 10 Indexer | (233ms) Replacing lexicon 'index-build' with 'supplemental'
2026-07-29 17:40:59.7884  INFO 10 Indexer | Merging document manager...
2026-07-29 17:41:01.7815  INFO 10 Indexer | Merged document manager in 00:00:01.9930197
2026-07-29 17:41:02.6514  INFO 10 Indexer | (Timed) Merging postings...
2026-07-29 17:41:46.0408  WARN 10 SQLite Profile | 43.28s in index.lxn for: select ab.BucketId, FileOffset, FileSize, DefaultSectionCount, TermData from AllBuckets ab left join TextTermBuckets ttb on ab.BucketId = ttb.BucketId order by ab.BucketId
2026-07-29 17:41:46.0413  WARN 10 SQLite Profile | 43.29s in supplemental.lxn for: select ab.BucketId, FileOffset, FileSize, DefaultSectionCount, TermData from AllBuckets ab left join TextTermBuckets ttb on ab.BucketId = ttb.BucketId order by ab.BucketId
2026-07-29 17:41:46.0783  INFO 10 Indexer | (43.43s) Merging postings...
2026-07-29 17:41:46.0783  INFO 10 Indexer | Merged postings.
2026-07-29 17:41:46.2578  INFO 10 MultipleFilesPostingFileWriter | Closing index streams
2026-07-29 17:41:46.2579  INFO 10 Indexer | Merged indexes 'index' and 'supplemental' into 'index-build' in 00:00:46.7050895
2026-07-29 17:41:46.2851  INFO 10 LibraryIndex | (Timed) Building term/document info index
2026-07-29 17:41:47.2905  INFO 10 SQLite Profile | 496ms in index-build.lxn for: select BucketId, FileOffset from AllBuckets order by BucketId
2026-07-29 17:42:07.2389  INFO 10 LibraryIndex | (20.95s) Building term/document info index
2026-07-29 17:42:07.2391  INFO 10 LibraryIndex | (Timed) Attempting to replace index '/Users/mjwebster/Library/Application Support/Logos4/Data/wq8ubj9r.32o/LibraryIndex/index' with new index '/Users/mjwebster/Library/Application Support/Logos4/Data/wq8ubj9r.32o/LibraryIndex/index-build'.
2026-07-29 17:42:07.2399  INFO 10 FileSystemIndexInfo | Replacing /Users/mjwebster/Library/Application Support/Logos4/Data/wq8ubj9r.32o/LibraryIndex/index with /Users/mjwebster/Library/Application Support/Logos4/Data/wq8ubj9r.32o/LibraryIndex/index-build
2026-07-29 17:42:07.4468  INFO 10 LibraryIndex | (208ms) Attempting to replace index '/Users/mjwebster/Library/Application Support/Logos4/Data/wq8ubj9r.32o/LibraryIndex/index' with new index '/Users/mjwebster/Library/Application Support/Logos4/Data/wq8ubj9r.32o/LibraryIndex/index-build'.
2026-07-29 17:42:07.4469  INFO 10 LibraryIndex | Library index merge completed in 00:01:07.8971256.
2026-07-29 17:42:07.4487  INFO 10 LibraryIndex | Main index is updated; deleting supplemental index.
2026-07-29 17:42:07.4558  INFO 3 PersonalBookIndex | 0 unindexed resources out of 488 indexable resources; supplemental index count is 0.
2026-07-29 17:42:07.4559  INFO 3 PersonalBookIndex | All indexable resources are indexed in a single main index; marking index up-to-date.
2026-07-29 17:42:07.4562  INFO 5 IndexerProgram | (1m 9.8s) Indexing.
2026-07-29 17:42:07.4564  INFO 5 MacIndexerProgress | Stopping IndexerProgress timer.
2026-07-29 17:42:07.4659  INFO 5 LocalFileDatabase | Connection opened (0ms): /Users/mjwebster/Library/Application Support/Logos4/Data/wq8ubj9r.32o/Errors/Indexer/ErrorReportManager.db
2026-07-29 17:42:07.7791  INFO 5 IndexerProgram | All background tasks have completed; exiting application.
2026-07-29 17:42:07.7890  INFO 1 IndexerProgram | Canceling work.
2026-07-29 17:42:07.7890  INFO 1 MacIndexerProgress | Stopping IndexerProgress timer.
2026-07-29 17:42:07.7890  INFO 1 IndexerProgram | Shutting down services.
2026-07-29 17:42:07.7976  INFO 1 WebCache | Beginning WebCacheDownloader.Dispose()
